[1/51] random_101 status=ok latency_ms=5281.82
[2/51] random_102 status=ok latency_ms=2073.08
[3/51] random_103 status=ok latency_ms=2752.6
[4/51] random_104 status=ok latency_ms=2462.95
[5/51] random_105 status=ok latency_ms=2579.22
[6/51] random_106 status=ok latency_ms=2235.85
[7/51] random_107 status=ok latency_ms=1890.88
[8/51] random_108 status=ok latency_ms=2583.0
[9/51] random_109 status=ok latency_ms=2811.3
[10/51] random_110 status=ok latency_ms=2327.25
[11/51] random_111 status=ok latency_ms=2561.56
[12/51] random_112 status=ok latency_ms=2773.06
[13/51] random_113 status=ok latency_ms=2579.93
[14/51] random_114 status=ok latency_ms=2424.63
[15/51] random_115 status=ok latency_ms=2510.37
[16/51] random_116 status=ok latency_ms=2408.62
[17/51] random_117 status=ok latency_ms=2210.65
[18/51] random_118 status=ok latency_ms=2220.73
[19/51] random_119 status=ok latency_ms=2506.85
[20/51] random_120 status=ok latency_ms=2235.17
[21/51] final_006 status=ok latency_ms=5649.02
[22/51] final_014 status=ok latency_ms=5247.09
[23/51] final_019 status=ok latency_ms=5140.28
[24/51] final_020 status=ok latency_ms=9752.03
[25/51] random_004 status=ok latency_ms=10429.31
[26/51] random_006 status=ok latency_ms=8634.24
[27/51] random_022 status=ok latency_ms=3315.55
[28/51] random_042 status=ok latency_ms=5100.56
[29/51] random_043 status=ok latency_ms=7313.5
[30/51] random_044 status=ok latency_ms=6419.99
[31/51] random_045 status=ok latency_ms=6387.07
[32/51] random_071 status=ok latency_ms=4250.55
[33/51] random_072 status=ok latency_ms=9508.4
[34/51] random_086 status=ok latency_ms=6548.29
[35/51] random_092 status=partial latency_ms=5096.71
[36/51] random_093 status=ok latency_ms=7155.27
[37/51] random_001 status=ok latency_ms=8047.56
[38/51] random_041 status=ok latency_ms=5197.9
[39/51] random_070 status=ok latency_ms=7294.79
[40/51] random_090 status=ok latency_ms=2316.94
[41/51] random_080 status=ok latency_ms=18786.98
[42/51] random_008 status=ok latency_ms=8393.92
[43/51] random_047 status=ok latency_ms=4565.09
[44/51] random_094 status=ok latency_ms=11795.71
[45/51] random_010 status=ok latency_ms=12278.33
[46/51] random_052 status=ok latency_ms=10602.42
[47/51] stage74_boundary_001 status=ok latency_ms=9679.48
[48/51] stage74_boundary_002 status=ok latency_ms=6519.33
[49/51] stage74_boundary_003 status=ok latency_ms=7560.89
[50/51] stage74_boundary_004 status=ok latency_ms=8845.79
[51/51] stage74_boundary_005 status=ok latency_ms=9334.79
{
  "query_count": 51,
  "row_count": 51,
  "ok_count": 50,
  "partial_count": 1,
  "error_count": 0,
  "run_success_rate": 0.9804,
  "retrieval": {
    "query_count": 51,
    "chunk_mrr@10": 0.5417,
    "chunk_ndcg@10": 0.5891,
    "chunk_recall@10": 0.75,
    "chunk_recall@5": 0.5,
    "doc_mrr@10": 0.875,
    "doc_ndcg@10": 0.9077,
    "doc_recall@10": 1.0,
    "doc_recall@5": 1.0,
    "avg_latency_ms": 2056.93,
    "p50_latency_ms": 2328.82,
    "p95_latency_ms": 2898.74
  },
  "answer": {
    "query_count": 51,
    "composer_mode": "mixed",
    "answer_success_rate": 1.0,
    "fallback_rate": 0.4118,
    "all_citations_mapped_ratio": 1.0,
    "fallback_accuracy": 0.9803921568627451,
    "fallback_reason_consistency": 1.0,
    "judge_coverage": 1.0,
    "faithfulness": 0.9633,
    "answer_relevancy": 0.9367,
    "citation_correctness": 1.0,
    "citation_completeness": 0.9396,
    "avg_latency_ms": 5658.77,
    "p50_latency_ms": 5140.28,
    "p95_latency_ms": 11199.06
  },
  "answer_rate": 0.5882,
  "fallback_rate": 0.4118,
  "unknown_citation_count": 0,
  "actual_deepseek_count": 30
}
wrote artifacts/stage7/after_fix/regression_eval.json
