[1/25] final_001 skip(ok)
[2/25] final_002 skip(ok)
[3/25] final_003 skip(ok)
[4/25] final_004 skip(ok)
[5/25] final_005 skip(ok)
[6/25] final_006 skip(ok)
[7/25] final_007 skip(ok)
[8/25] final_008 skip(ok)
[9/25] final_009 skip(ok)
[10/25] final_010 skip(ok)
[11/25] final_011 skip(ok)
[12/25] final_012 skip(ok)
[13/25] final_013 skip(ok)
[14/25] final_014 skip(ok)
[15/25] final_015 skip(ok)
[16/25] final_016 skip(ok)
[17/25] final_017 skip(ok)
[18/25] final_018 skip(ok)
[19/25] final_019 skip(ok)
[20/25] final_020 skip(ok)
[21/25] final_021 skip(ok)
[22/25] final_022 skip(ok)
[23/25] final_023 skip(ok)
[24/25] final_024 skip(ok)
[25/25] final_025 skip(ok)
{
  "query_count": 25,
  "row_count": 25,
  "ok_count": 25,
  "partial_count": 0,
  "error_count": 0,
  "run_success_rate": 1.0,
  "retrieval": {
    "query_count": 25,
    "chunk_mrr@10": 0.4639,
    "chunk_ndcg@10": 0.5305,
    "chunk_recall@10": 0.7609,
    "chunk_recall@5": 0.6304,
    "doc_mrr@10": 0.8913,
    "doc_ndcg@10": 0.8916,
    "doc_recall@10": 0.9348,
    "doc_recall@5": 0.9348,
    "avg_latency_ms": 2194.95,
    "p50_latency_ms": 2417.29,
    "p95_latency_ms": 3479.65
  },
  "answer": {
    "query_count": 25,
    "composer_mode": "mixed",
    "answer_success_rate": 1.0,
    "fallback_rate": 0.08,
    "all_citations_mapped_ratio": 1.0,
    "fallback_accuracy": 1.0,
    "fallback_reason_consistency": 1.0,
    "judge_coverage": 1.0,
    "faithfulness": 1.0,
    "answer_relevancy": 1.0,
    "citation_correctness": 1.0,
    "citation_completeness": 0.9913,
    "avg_latency_ms": 7601.25,
    "p50_latency_ms": 7489.12,
    "p95_latency_ms": 13788.44
  },
  "answer_rate": 0.92,
  "fallback_rate": 0.08,
  "unknown_citation_count": 0,
  "actual_deepseek_count": 23
}
wrote artifacts/stage7/after_fix/final_labeled_v2_eval.json
