[1/120] random_001 skip(ok)
[2/120] random_002 status=ok latency_ms=5830.97
[3/120] random_003 skip(ok)
[4/120] random_004 skip(ok)
[5/120] random_005 skip(ok)
[6/120] random_006 skip(ok)
[7/120] random_007 skip(ok)
[8/120] random_008 skip(ok)
[9/120] random_009 skip(ok)
[10/120] random_010 skip(ok)
[11/120] random_011 skip(ok)
[12/120] random_012 skip(ok)
[13/120] random_013 skip(ok)
[14/120] random_014 skip(ok)
[15/120] random_015 skip(ok)
[16/120] random_016 skip(ok)
[17/120] random_017 skip(ok)
[18/120] random_018 skip(ok)
[19/120] random_019 skip(ok)
[20/120] random_020 skip(ok)
[21/120] random_021 status=partial latency_ms=7967.3
[22/120] random_022 skip(ok)
[23/120] random_023 skip(ok)
[24/120] random_024 skip(ok)
[25/120] random_025 skip(ok)
[26/120] random_026 skip(ok)
[27/120] random_027 status=ok latency_ms=6417.38
[28/120] random_028 status=partial latency_ms=6864.27
[29/120] random_029 skip(ok)
[30/120] random_030 skip(ok)
[31/120] random_031 skip(ok)
[32/120] random_032 skip(ok)
[33/120] random_033 skip(ok)
[34/120] random_034 skip(ok)
[35/120] random_035 skip(ok)
[36/120] random_036 skip(ok)
[37/120] random_037 skip(ok)
[38/120] random_038 skip(ok)
[39/120] random_039 skip(ok)
[40/120] random_040 skip(ok)
[41/120] random_041 skip(ok)
[42/120] random_042 skip(ok)
[43/120] random_043 skip(ok)
[44/120] random_044 skip(ok)
[45/120] random_045 skip(ok)
[46/120] random_046 skip(ok)
[47/120] random_047 skip(ok)
[48/120] random_048 skip(ok)
[49/120] random_049 skip(ok)
[50/120] random_050 skip(ok)
[51/120] random_051 skip(ok)
[52/120] random_052 skip(ok)
[53/120] random_053 skip(ok)
[54/120] random_054 skip(ok)
[55/120] random_055 skip(ok)
[56/120] random_056 skip(ok)
[57/120] random_057 skip(ok)
[58/120] random_058 skip(ok)
[59/120] random_059 skip(ok)
[60/120] random_060 skip(ok)
[61/120] random_061 status=ok latency_ms=2159.28
[62/120] random_062 skip(ok)
[63/120] random_063 status=partial latency_ms=4230.03
[64/120] random_064 skip(ok)
[65/120] random_065 skip(ok)
[66/120] random_066 skip(ok)
[67/120] random_067 skip(ok)
[68/120] random_068 skip(ok)
[69/120] random_069 skip(ok)
[70/120] random_070 skip(ok)
[71/120] random_071 skip(ok)
[72/120] random_072 skip(ok)
[73/120] random_073 skip(ok)
[74/120] random_074 skip(ok)
[75/120] random_075 skip(ok)
[76/120] random_076 skip(ok)
[77/120] random_077 skip(ok)
[78/120] random_078 skip(ok)
[79/120] random_079 skip(ok)
[80/120] random_080 skip(ok)
[81/120] random_081 skip(ok)
[82/120] random_082 skip(ok)
[83/120] random_083 skip(ok)
[84/120] random_084 skip(ok)
[85/120] random_085 skip(ok)
[86/120] random_086 skip(ok)
[87/120] random_087 skip(ok)
[88/120] random_088 skip(ok)
[89/120] random_089 skip(ok)
[90/120] random_090 skip(ok)
[91/120] random_091 skip(ok)
[92/120] random_092 skip(ok)
[93/120] random_093 skip(ok)
[94/120] random_094 skip(ok)
[95/120] random_095 skip(ok)
[96/120] random_096 skip(ok)
[97/120] random_097 skip(ok)
[98/120] random_098 skip(ok)
[99/120] random_099 skip(ok)
[100/120] random_100 skip(ok)
[101/120] random_101 skip(ok)
[102/120] random_102 skip(ok)
[103/120] random_103 skip(ok)
[104/120] random_104 skip(ok)
[105/120] random_105 skip(ok)
[106/120] random_106 skip(ok)
[107/120] random_107 skip(ok)
[108/120] random_108 skip(ok)
[109/120] random_109 skip(ok)
[110/120] random_110 skip(ok)
[111/120] random_111 skip(ok)
[112/120] random_112 skip(ok)
[113/120] random_113 skip(ok)
[114/120] random_114 skip(ok)
[115/120] random_115 skip(ok)
[116/120] random_116 skip(ok)
[117/120] random_117 skip(ok)
[118/120] random_118 skip(ok)
[119/120] random_119 skip(ok)
[120/120] random_120 skip(ok)
{
  "query_count": 120,
  "row_count": 120,
  "ok_count": 117,
  "partial_count": 3,
  "error_count": 0,
  "run_success_rate": 0.975,
  "retrieval": {
    "query_count": 120,
    "chunk_mrr@10": null,
    "chunk_ndcg@10": null,
    "chunk_recall@10": null,
    "chunk_recall@5": null,
    "doc_mrr@10": null,
    "doc_ndcg@10": null,
    "doc_recall@10": null,
    "doc_recall@5": null,
    "avg_latency_ms": 3224.98,
    "p50_latency_ms": 2721.77,
    "p95_latency_ms": 11202.41
  },
  "answer": {
    "query_count": 120,
    "composer_mode": "mixed",
    "answer_success_rate": 1.0,
    "fallback_rate": 0.35,
    "all_citations_mapped_ratio": 1.0,
    "fallback_accuracy": 1.0,
    "fallback_reason_consistency": 1.0,
    "judge_coverage": 1.0,
    "faithfulness": 0.9702,
    "answer_relevancy": 0.9462,
    "citation_correctness": 0.9968,
    "citation_completeness": 0.9271,
    "avg_latency_ms": 9063.28,
    "p50_latency_ms": 8075.27,
    "p95_latency_ms": 21220.66
  },
  "answer_rate": 0.65,
  "fallback_rate": 0.35,
  "unknown_citation_count": 0,
  "actual_deepseek_count": 94
}
wrote artifacts/stage7/after_fix/final_random_v2_eval.json
