正在初始化模型与检索器...
正在构建智能体计算图...

[OK] 灾害响应智能体 (DisasterResponseAgent) 初始化成功。
--- 节点: RAG 检索器 ---
--- 节点: 方案提议者 (Proposer) ---
生成的方案:
 # 深圳市气象灾害Ⅳ级应急响应启动方案  ## 一、启动决定机构  根据[S1]，Ⅳ级应急响应（一般）的启动决定机构为**市气象灾害指挥部**，由市气象灾害指挥部决定是否启动Ⅳ级应
急响应，并授权市减灾委办公室和市气象灾害指挥部办公室联合签发启动文件。  ## 二、启动条件
根据[S1]，当气象灾害程度达到或可能达到以下情形之一时，启动会商机制并考虑启动Ⅳ级响应：  1.
市气象局（台）在全市范围内发布气象灾害Ⅳ级预警信息，或气象灾害影响程度达到市级Ⅳ级应急响应启动标准时； 2. 经对气象灾害的影响及趋势会商研判，确定有必要启动Ⅳ级响应。  ##
三、启动流程  **第一步：启动会商机制**  市气象灾害指挥部立即启动会商机制，及时对灾害影响及趋势进行综合评估，由**市气象灾害指挥部办公室主任**主持会商[S1]。
**第二步：综合评估研判**  会商内容包括但不限于：灾害影响范围、持续时间、可能造成的损失、需调动的应急资源等。  **第三步：决定是否启动**
市气象灾害指挥部根据会商评估结果，决定是否启动Ⅳ级应急响应[S1]。  **第四步：签发与发布**
决定启动后，由市减灾委办公室和市气象灾害指挥部办公室联合签发启动文件，并对外发布[S1]。  ## 四、响应措施要点  Ⅳ级响应为一般级别响应，主要措施包括：  1.
**预警信息发布**：市气象局（台）按职责发布相应等级预警信号； 2. **应急值守**：相关部门进入应急值守状态，加强信息收集与报告； 3.
**会商研判**：视灾情发展适时组织续报会商，动态评估灾害趋势； 4. **信息报送**：按规定时限向市气象灾害指挥部报送灾情信息。  ## 五、响应升级与终止  -
**升级情形**：若灾情持续发展、影响程度加重，达到Ⅲ级及以上响应启动标准时，按[S5][S4][S2]规定的权限和程序升级响应。 -
**响应终止**：经会商确认气象灾害影响明显减弱或结束后，由市气象灾害指挥部按程序宣布终止Ⅳ级应急响应。  ---  > **说明**：本方案严格依据[S1]编制，聚焦Ⅳ级响应的启
动机构与流程。关于Ⅳ级响应的具体处置措施和部门分工，参考知识中未提供详细内容，如需完整的Ⅳ级响应行动方案，建议补充查阅预案中Ⅳ级响应的具体措施章节。
--- 节点: 方案评审者 (Critique) ---
生成的评审意见:
 # 灾害应急方案评审委员会审查意见   ## 一、总体评价  本方案草案框架基本清晰，启动机构、启动条件和启动流程的表述与[S1]依据的对应关系明确，整体逻辑链条完整。但作为一份*
*可操作的应急响应启动方案**，草案在可行性、全面性、优先级、次生风险、资源协调和清晰度六个维度上均存在不同程度的不足，尚不具备直接付诸实施的条件，需按以下意见修改完善后方可报批。
## 二、分维度批判性审查  ### （一）可行性方面——存在“制度空转”风险  **问题1：会商机制缺乏时限约束，可能导致响应延误。** 方案仅规定“立即启动会商机制”，但未明确
会商启动的时限要求（如接警后多少小时内必须完成会商）以及会商决策的时限要求。气象灾害具有突发性强、演变迅速的特点，缺乏硬性时限将导致响应效率无法保障，存在“制度空转”风险。
**修改建议：** - 明确“气象灾害预警发布后**2小时内**必须完成首次会商并形成评估意见”，对特别紧急情况（如台风、暴雨红色预警）应设定更短时限。 -
增加“会商决策时限”——会商结束后**1小时内**须形成是否启动响应的明确结论。  **问题2：启动流程“决定—签发—发布”三个环节缺乏时限规定。**
从决定启动到文件签发再到对外发布，若无时限要求，信息传导链条可能被拖延。  **修改建议：**
明确“决定启动后**30分钟内**完成联合签发，**1小时内**完成对外发布”，确保预警信息快速触达相关部门和公众。
**问题3：启动标准中“气象灾害影响程度达到市级Ⅳ级应急响应启动标准”属同义反复，缺乏量化指标。**
该表述未说明何为“影响程度达到标准”，缺乏可操作的量化判断依据（如降雨量、风速、受灾人口等具体阈值）。  **修改建议：** 补充或引用具体的量化启动指标（如“预计过程雨量达到XX
毫米以上”“阵风达到X级以上”“受影响人口达到XX万人以上”等），或明确引用[S1]中对应的具体条款和指标值，确保标准可量化、可判定。   ###
（二）全面性方面——关键要素严重缺失  **问题4：缺少监测预警与信息获取的前置安排。**
方案直接从“启动会商”开始，但未说明会商所需的基础信息从何而来、由谁提供、通过什么渠道汇集。  **修改建议：**
增加“监测预警与信息汇集”环节，明确市气象局（台）负责提供实时监测数据和预报预警信息，明确信息汇集的渠道和时限。  **问题5：缺少资金保障、物资保障和通信保障安排。**
应急响应的启动不仅是“发文件”，还涉及应急队伍调动、物资准备、资金预拨等保障措施。  **修改建议：**
增加“应急保障”小节，明确：（1）Ⅳ级响应启动后应急工作经费的来源和拨付程序；（2）所需应急物资的调配渠道和储备情况核查机制；（3）应急通信保障措施（备用通信手段、值守电话等）。
**问题6：缺少宣传动员和公众信息告知安排。** 方案仅提到“对外发布”启动文件，但未明确公众告知的具体方式、渠道和信息内容要求。  **修改建议：**
增加“信息发布与宣传”要求，明确通过广播、电视、政务新媒体、手机短信等多渠道向公众发布响应启动信息和防灾指引，确保公众知情和配合。  **问题7：缺少监督问责和总结评估安排。**
方案未提及对响应启动和执行情况的监督检查机制，也未提及响应终止后的总结评估要求。  **修改建议：**
增加“监督检查与总结评估”条款，明确：（1）市气象灾害指挥部办公室对各单位响应执行情况进行跟踪督办；（2）响应终止后**7个工作日内**组织相关部门开展复盘评估，形成总结报告。
### （三）优先级方面——重点不突出  **问题8：响应措施要点未区分优先级和主次关系。** 四项措施并列呈现，未明确哪项措施是首要的、必须第一时间落实的，哪项是后续跟进的。
**修改建议：** 将措施按优先级分层表述： - **第一优先级（即时执行）** ：预警信息发布（确保第一时间发出预警，保障公众知情权）； - **第二优先级（同步启动）**
：应急值守（确保信息渠道畅通）； - **第三优先级（视情开展）** ：会商研判和信息报送（根据灾情发展动态调整）。  **问题9：未明确启动响应后的首要行动是什么。**
响应启动后，最先应该做什么？方案未给出明确指引，容易导致各部门启动后无所适从。  **修改建议：** 在响应措施中增加“首要行动”条款，明确“响应启动后，市气象局（台）须在**30
分钟内**更新并发布最新预警信息；市减灾委办公室须在**1小时内**向各区、各成员单位发出响应通知，明确值守要求和信息报送要求”。   ### （四）次生风险方面——完全空白
**问题10：完全未涉及次生、衍生灾害风险的防范。** 气象灾害往往引发次生灾害（如暴雨引发城市内涝、山洪、地质灾害；大风引发高空坠物、建筑受损等），方案对此完全未涉及。
**修改建议：** 在“响应措施”中增加“次生灾害风险防范”条款： -
明确Ⅳ级响应启动后，应同步提醒自然资源、水务、住建、交通等部门关注因气象灾害可能引发的地质灾害、城市内涝、道路中断、建筑损毁等次生风险； -
要求相关部门在响应期间加强巡查监测，发现险情及时报告并先期处置。  **问题11：缺少“响应启动本身”可能引发的次生问题考虑。**
如：响应启动后各部门同时向指挥部报送信息，可能导致信息过载；响应启动可能引发公众恐慌或不当避险行为等。  **修改建议：**
在方案中增加“信息报送规范”要求，明确报送的格式、频率、渠道，避免信息拥堵；在信息发布要求中明确“发布内容应包含科学的避险指引，避免引发恐慌”。
**问题12：缺少舆情监测与引导安排。** 气象灾害响应启动期间，社会关注度高，舆情风险突出，方案未涉及舆情监测与应对。  **修改建议：** 增加“舆情监测与引导”条款，
--- 节点: 决策 ---
决策: 已达到最大迭代次数 (1)。正在生成最终方案。
--- 节点: 最终方案生成器 (Finalizer) ---
--- 节点: 方案提议者 (Proposer) ---
生成的方案:
 # 深圳市气象灾害Ⅳ级应急响应启动方案（优化版）   ## 一、启动决定机构  根据[S1]，Ⅳ级应急响应（一般）的启动决定机构为**市气象灾害指挥部**，由市气象灾害指挥部决定是
否启动Ⅳ级应急响应，并授权市减灾委办公室和市气象灾害指挥部办公室联合签发启动文件。   ## 二、启动条件
根据[S1]，当气象灾害程度达到或可能达到以下情形之一时，启动会商机制并考虑启动Ⅳ级响应：  1.
市气象局（台）在全市范围内发布气象灾害Ⅳ级预警信息，或气象灾害影响程度达到市级Ⅳ级应急响应启动标准时； 2. 经对气象灾害的影响及趋势会商研判，确定有必要启动Ⅳ级响应。   ##
三、启动流程  ### 第一步：监测预警与信息汇集（前置环节）  市气象局（台）负责提供实时气象监测数据和预报预警信息，通过气象灾害预警信息发布平台向市气象灾害指挥部办公室报送。信
息汇集渠道包括：气象灾害预警信息发布平台、应急值守电话、政务值班系统等。  ### 第二步：启动会商机制（限时完成）
市气象灾害指挥部立即启动会商机制，及时对灾害影响及趋势进行综合评估，由**市气象灾害指挥部办公室主任**主持会商[S1]。  **时限要求：** 气象灾害预警发布后**2小时内**
必须完成首次会商并形成评估意见；对特别紧急情况（如台风、暴雨红色预警），应在**1小时内**完成首次会商。会商结束后**1小时内**须形成是否启动响应的明确结论。  ###
第三步：综合评估研判  会商内容包括但不限于：灾害影响范围、持续时间、可能造成的损失、需调动的应急资源、可能引发的次生灾害风险等。  ### 第四步：决定是否启动
市气象灾害指挥部根据会商评估结果，决定是否启动Ⅳ级应急响应[S1]。  ### 第五步：签发与发布（限时完成）
决定启动后，由市减灾委办公室和市气象灾害指挥部办公室联合签发启动文件，并对外发布[S1]。  **时限要求：**
决定启动后**30分钟内**完成联合签发，**1小时内**完成对外发布，确保预警信息快速触达相关部门和公众。   ## 四、响应措施要点（按优先级分层）  ###
第一优先级（即时执行）  **首要行动：**
响应启动后，市气象局（台）须在**30分钟内**更新并发布最新预警信息；市减灾委办公室须在**1小时内**向各区、各成员单位发出响应通知，明确值守要求和信息报送要求。
**预警信息发布：** 市气象局（台）按职责发布相应等级预警信号，确保第一时间发出预警，保障公众知情权。  ### 第二优先级（同步启动）  **应急值守：**
相关部门进入应急值守状态，加强信息收集与报告，确保信息渠道畅通。  ### 第三优先级（视情开展）  **会商研判：** 视灾情发展适时组织续报会商，动态评估灾害趋势。
**信息报送：** 按规定时限向市气象灾害指挥部报送灾情信息。报送应遵循统一格式，明确报送频率和渠道，避免信息过载和拥堵。   ## 五、次生灾害风险防范  ###
（一）次生灾害风险防范  Ⅳ级响应启动后，应同步提醒自然资源、水务、住建、交通等部门关注因气象灾害可能引发的地质灾害、城市内涝、道路中断、建筑损毁等次生风险。要求相关部门在响应期间
加强巡查监测，发现险情及时报告并先期处置。  ### （二）舆情监测与引导
响应启动期间，市气象灾害指挥部办公室应同步开展舆情监测，密切关注社会舆论动态。信息发布内容应包含科学的避险指引，避免引发公众恐慌或不当避险行为。发现重大舆情及时上报并协调回应。
## 六、应急保障  ### （一）资金保障  Ⅳ级响应启动后，应急工作经费按现行财政管理体制保障，由相关部门按规定程序申请和拨付。  ### （二）物资保障
相关部门应核查应急物资储备情况，明确物资调配渠道和程序，确保响应期间物资供应充足。  ### （三）通信保障
应急响应期间，相关部门应确保通信畅通，落实备用通信手段（如卫星电话、对讲机等）和值守电话，防止因灾害导致通信中断。   ## 七、信息发布与公众告知  响应启动后，通过广播、电视、
政务新媒体、手机短信等多渠道向公众发布响应启动信息和防灾避险指引，确保公众知情和配合。发布内容应包括：灾害类型、影响范围、预计持续时间、公众应采取的措施等。   ##
八、监督检查与总结评估  ### （一）监督检查  市气象灾害指挥部办公室对各单位响应执行情况进行跟踪督办，确保各项响应措施落实到位。  ### （二）总结评估
响应终止后**7个工作日内**，组织相关部门开展复盘评估，总结经验教训，形成总结报告，为完善应急预案提供依据。   ## 九、响应升级与终止  -
**升级情形**：若灾情持续发展、影响程度加重，达到Ⅲ级及以上响应启动标准时，按[S5][S4][S2]规定的权限和程序升级响应。 -
**响应终止**：经会商确认气象灾害影响明显减弱或结束后，由市气象灾害指挥部按程序宣布终止Ⅳ级应急响应。   > **说明**：本方案依据[S1]编制，聚焦Ⅳ级响应的启动机构与流程
。关于Ⅳ级响应的具体处置措施和部门分工，参考知识中未提供详细内容，如需完整的Ⅳ级响应行动方案，建议补充查阅预案中Ⅳ级响应的具体措施章节。
--- 节点: RAG 检索器 ---
--- 节点: 方案提议者 (Proposer) ---
生成的方案:
 # 山区村庄滑坡和落石迹象应急避险预案   ## 一、总则  ### 1.1 编制目的
为规范山区村庄在发现滑坡和落石迹象后的应急避险工作，明确各环节责任分工和操作流程，确保受威胁群众能够及时、有序撤离，最大限度避免人员伤亡和财产损失，特制定本预案。  ### 1.2
适用范围  本预案适用于山区村庄在巡查排查、日常监测或群众报告中发现滑坡、落石等地质灾害迹象后的应急避险处置工作。  ### 1.3 工作原则  -
**预防为主、避险为先**：发现险情征兆后，坚持把提前转移群众作为第一要务。 - **专群结合、群测群防**：专业排查与群众巡查相结合，确保隐患早发现、早预警、早处置[S1]。 -
**快速响应、果断处置**：险情出现时基层政府和村组干部须响应迅速、处置果断，及时转移受威胁群众并加强现场管控[S1]。 -
**统一领导、分级负责**：在乡镇政府统一领导下，村组、自然资源、应急等部门协调联动。   ## 二、组织机构与职责分工  ### 2.1 应急避险指挥组
**组长**：乡镇政府主要负责人 **副组长**：乡镇分管自然资源/应急工作的负责人 **成员**：自然资源所、应急管理办、派出所、卫生院、村“两委”负责人
**职责**：统一组织协调避险转移工作，下达避险转移指令，调度各方力量，汇总上报信息。  ### 2.2 巡查监测组
**组成**：乡镇自然资源所工作人员、技术专家、村级监测员、村组干部  **职责**： - 常态化开展有人居住地隐患巡查，确保风险隐患早发现、早预警、早处置[S1]； -
对已发现的地裂缝、异常响动等险情迹象进行加密监测； - 发现险情加剧征兆时第一时间报告。  ### 2.3 转移安置组  **组成**：乡镇民政办、村组干部、党员志愿者
**职责**：负责受威胁群众的入户通知、组织转移、安置点管理、生活保障及情绪安抚。  ### 2.4 现场管控组  **组成**：乡镇派出所民警、综合执法队员、村组干部
**职责**：负责设置警戒线、实施临时交通管制、24小时值守，防止群众擅自返回[S1]。  ### 2.5 医疗救护组  **组成**：乡镇卫生院医护人员
**职责**：负责转移安置过程中的医疗保障和突发伤情的紧急处置。   ## 三、险情识别与分级  ### 3.1 滑坡和落石迹象识别要点  | 类别 | 主要迹象 |
|------|----------| | **宏观迹象** | 地面出现裂缝、山体出现异常响动、树木倾斜或“醉汉林”现象、坡脚出现隆起或渗水、局部小规模崩塌或落石频发 | |
**微观迹象** | 监测桩位移、裂缝持续扩展、地下水异常变化 |  ### 3.2 险情分级  | 险情等级 | 判定标准 | 响应要求 |
|----------|----------|----------| | **Ⅲ级（蓝色预警）** | 发现地面裂缝等初期迹象，经专家确认为潜在隐患点 |
列入预案点，纳入日常监测[S1] | | **Ⅱ级（黄色预警）** | 裂缝扩展加快、局部落石增多，经现场复勘确认影响范围 | 提前避险转移受威胁群众，安排专人24小时值守[S1]
| | **Ⅰ级（红色预警）** | 山体出现异常响动、变形加剧、滑坡前兆明显 | 立即启动应急避险，实施临时交通管制，强制转移全部受威胁人员[S1] |   ##
四、应急避险响应流程  ### 4.1 第一阶段：险情发现与报告（Ⅲ级响应）  **时限要求：发现后2小时内完成报告和初步核查。**  1.
**巡查发现**：村级监测员或村组干部在日常巡查中发现地面裂缝、局部落石等迹象，立即报告乡镇自然资源所。 2.
**初步核查**：乡镇自然资源所接到报告后，立即组织人员赴现场核查，同时上报县级自然资源主管部门。 3.
**专家确认**：县级自然资源主管部门会同乡镇政府组织技术专家及镇村干部开展现场调查论证，经专家确认后将该点列入县级地质灾害预案点，纳入日常监测[S1]。 4.
**信息登记**：建立隐患点台账，明确监测责任人、监测方法和报告方式。  ### 4.2 第二阶段：影响评估与提前避险（Ⅱ级响应）
**时限要求：确认为隐患点后，原则上5日内完成影响范围确认和受威胁群众核定。**  1.
**现场复勘**：县级自然资源主管部门会同乡镇政府对隐患点进行现场复勘，确认灾害影响范围[S1]。 2. **核定受威胁人员**：根据影响范围逐户核实受威胁群众人数，登记造册。
3. **提前避险转移**：在确认影响范围后，立即将受威胁群众全部进行提前避险转移安置[S1]。转移安置工作须做到：    - 逐户入户通知，确保不漏一户、不落一人；    -
优先转移老弱病残孕等特殊群体；    - 安排专人进行24小时值守，设置警戒线，防止群众擅自返回[S1]。 4.
**专家论证**：组织专家召开现场论证会，研判隐患点发展趋势，决定后续处置方案（如避让搬迁等）[S1]。  ### 4.3 第三阶段：紧急避险与抢险处置（Ⅰ级响应）
**时限要求：接到紧急险情报告后30分钟内启动应急响应，2小时内完成全部受威胁人员转移。**  1.
**紧急报告**：监测员在巡查中发现山体出现异常响动等滑坡前兆时，立即报告乡镇政府和县级自然资源主管部门[S1]。 2.
**启动响应**：乡镇政府接到报告后，立即启动Ⅰ级应急响应，指挥组全员到位。 3.
**临时交通管制**：对通往隐患点及影响区域的道路立即采取临时交通管制措施，禁止人员和车辆进入[S1]。 4.
**强制转移**：对尚未转移或擅自返回的群众进行强制转移，确保危险区域内人员全部撤出。 5. **扩大警戒范围**：根据险情发展，适时扩大警戒区域范围。  ### 4.4
响应流程图示  > **发现迹象 → 报告（2小时内）→ 专家核查确认
--- 节点: 方案评审者 (Critique) ---
生成的评审意见:
 # 灾害应急方案评审委员会审查意见  **评审对象**：《山区村庄滑坡和落石迹象应急避险预案》（草案）
**评审结论**：方案整体框架完整、责任分工明确、响应流程基本清晰，**但存在若干关键性缺陷和操作盲区，建议修改后通过**。   ## 一、可行性方面的修改建议
**问题1：Ⅱ级响应中“5日内完成影响范围确认和受威胁群众核定”时限过长**  险情处于Ⅱ级（黄色预警）时，裂缝扩展加快、局部落石增多，说明灾害正在加速孕育。在此情况下等待5日才完
成核定和转移，存在极大的时间窗口风险。建议将时限压缩至**24小时内**完成影响范围确认和受威胁群众核定，并在确认后**立即启动转移**。同时，在等待专家确认的过渡期内，应先行对明
显受威胁区域（如裂缝周边、落石路径下方）住户进行预防性撤离。  **问题2：Ⅰ级响应“2小时内完成全部受威胁人员转移”缺乏操作保障**
对于山区村庄，住户分散、道路条件差、夜间转移困难等因素都可能影响2小时内完成转移的目标。建议补充以下保障措施： -
明确各村民小组的**预分组包干责任制**（每组明确责任人、负责户数、转移路线）； - 制定**夜间或暴雨等恶劣天气条件下的转移方案**（照明设备、备用路线、通讯手段）； -
对行动不便人员提前建立“一对一帮扶”台账，确保特殊群体转移不拖后腿。   ## 二、全面性方面的修改建议  **问题3：缺少“预警信息发布与传播”环节**  预案未明确预警信息如何
发布、通过何种渠道传递至受威胁群众。应补充：明确预警信号（如铜锣、手摇报警器、广播、微信群等）及其对应的险情等级；明确“最后通知人”机制（确保每家每户都收到预警）；明确停电、断网等
极端情况下的备用通知手段。  **问题4：缺少“应急避险路线和安置点”的规划**  预案只提到“转移安置组”负责安置点管理，但未明确：预设的避险路线及备用路线、安置点的具体位置及容
纳能力、安置点的基本生活保障标准（食品、饮水、医疗、御寒物资等）。建议补充**避险路线图和安置点分布图**作为附件，并明确安置点启用条件和物资储备标准。
**问题5：缺少“演练与培训”安排**
预案未提及应急演练频次和培训要求。建议增加：每年至少组织**1次综合性应急避险演练**；对新任村干部和监测员进行上岗培训；演练后及时修订预案，确保方案与实际条件相符。
**问题6：缺少“信息报送与发布”的详细规范**
预案仅提及“汇总上报信息”，但未明确：报告的内容要素（时间、地点、险情类型、影响范围、已采取措施等）；各级报告的时限要求；对外信息发布的口径和责任人（防止谣言传播）。   ##
三、优先级方面的修改建议  **问题7：预警分级与响应措施衔接不够紧密**  Ⅲ级响应仅“列入日常监测”，但预案未明确Ⅲ级期间是否需要对影响范围内的群众进行**风险告知和预案宣传*
*。建议在Ⅲ级阶段就增加：开展受威胁群众的避险知识宣传、发放“避险明白卡”（注明预警信号、撤离路线、安置点位置），确保群众在险情升级前已有心理和知识准备。
**问题8：群众转移的优先级标准不明确**  预案提到“优先转移老弱病残孕等特殊群体”，但未明确具体操作流程。建议细化：特殊群体转移的负责人和帮扶人如何确定；转移顺序如何安排（先特
殊群体、再一般群众、最后巡查确认）；转移后如何清点核对人数并确保无遗漏。   ## 四、次生风险方面的修改建议  **问题9：缺少“擅自返回”的防范与处置措施**  预案提到“防止
群众擅自返回”，但未明确：擅自返回的劝阻和处置程序；险情未解除期间如何保障已转移群众的基本生活需求（降低其冒险返回的动机）；解除警戒的条件和程序。建议增加：明确由现场管控组负责警戒
值守，制定值守交接班制度；明确险情解除须经专家评估确认后方可宣布；对已转移群众提供必要的生活保障信息，减少擅自返回的可能。  **问题10：缺少“应急避险过程中的次生灾害防范”**
滑坡和落石避险过程中本身也可能发生次生灾害（如转移途中遭遇新的落石、安置点选址不当引发新的风险等）。建议补充：转移路线的安全评估；安置点选址的安全要求（避开地质灾害危险区、洪水影响
区等）；转移过程中的安全防护措施（如佩戴安全帽、安排观察哨等）。  **问题11：缺少“信息发布与舆情引导”的考虑**  险情发生后，若信息发布不及时或不准确，极易引发恐慌或谣言。
预案未涉及舆情引导和对外信息发布的口径管理。建议增加：明确对外信息发布的唯一责任主体和审核流程；明确群众问询的回应机制；必要时启动舆情监测和引导。   ##
五、资源协调方面的修改建议  **问题12：应急物资和装备保障未明确**  预案未提及应急物资储备的种类、数量和存放地点，也未明确物资调配机制。建议补充：应急物资清单（警戒带、应急
照明、喇叭、铜锣、急救包、应急食品、饮用水、棉被等）；物资储备责任单位及定期检查更新制度；物资紧急调配的权限和流程。  **问题13：救援力量协调机制不清晰**  预案只列了乡镇内
部各组的职责，未明确：当险情超出乡镇处置能力时如何请求上级支援；与消防救援、武警、社会救援力量等的对接机制；多部门联合行动时的指挥协调关系。建议增加：明确向上级请求支援的条件和程序
；明确外部救援力量到达后的对接和任务分配机制。  **问题14：转移群众的后续安置与生活保障责任未落实**  预案仅提到“生活保障及情绪安抚”，但未明确：安置点的管理责任人和值班安
排；食品、饮水等生活物资的供应渠道和补给周期；转移期间群众的医疗需求如何保障；转移持续时间不确定情况下的应对方案。建议明确：安置点管理实行“点长负责制”，由乡镇干部担任点长，统筹安
置点各项工作；建立物资补给和医疗巡诊的常态化机制。   ## 六、清晰度方面的修改建议  **问题15：响应流程图示不完整**  “响应流程图示”部分内容被截断，仅有“发现迹象 →
报告
--- 节点: 决策 ---
决策: 已达到最大迭代次数 (1)。正在生成最终方案。
--- 节点: 最终方案生成器 (Finalizer) ---
--- 节点: 方案提议者 (Proposer) ---
生成的方案:
 # 山区村庄滑坡和落石迹象应急避险预案（优化版）   ## 一、总则  ### 1.1 编制目的
为规范山区村庄在发现滑坡和落石迹象后的应急避险工作，明确各环节责任分工和操作流程，确保受威胁群众能够及时、有序撤离，最大限度避免人员伤亡和财产损失，特制定本预案。  ### 1.2
适用范围  本预案适用于山区村庄在巡查排查、日常监测或群众报告中发现滑坡、落石等地质灾害迹象后的应急避险处置工作。  ### 1.3 工作原则  -
**预防为主、避险为先**：发现险情征兆后，坚持把提前转移群众作为第一要务。 - **专群结合、群测群防**：专业排查与群众巡查相结合，确保隐患早发现、早预警、早处置[S1]。 -
**快速响应、果断处置**：险情出现时基层政府和村组干部须响应迅速、处置果断，及时转移受威胁群众并加强现场管控[S1]。 -
**统一领导、分级负责**：在乡镇政府统一领导下，村组、自然资源、应急等部门协调联动。 - **生命至上、特殊优先**：老弱病残孕等特殊群体优先转移，确保不漏一户、不落一人。
## 二、组织机构与职责分工  ### 2.1 应急避险指挥组  **组长**：乡镇政府主要负责人 **副组长**：乡镇分管自然资源/应急工作的负责人
**成员**：自然资源所、应急管理办、派出所、卫生院、村“两委”负责人  **职责**： - 统一组织协调避险转移工作，下达避险转移指令； - 调度各方力量，汇总上报信息； -
当险情超出乡镇处置能力时，按程序向上级请求支援； - 负责对外信息发布的审核与批准。  ### 2.2 巡查监测组
**组成**：乡镇自然资源所工作人员、技术专家、村级监测员、村组干部  **职责**： - 常态化开展有人居住地隐患巡查，确保风险隐患早发现、早预警、早处置[S1]； -
对已发现的地裂缝、异常响动等险情迹象进行加密监测； - 发现险情加剧征兆时第一时间报告； - 负责转移路线的安全评估和转移过程中的观察哨设置。  ### 2.3 转移安置组
**组成**：乡镇民政办、村组干部、党员志愿者  **职责**： - 负责受威胁群众的入户通知、组织转移； - 落实预分组包干责任制，确保每户群众都有明确责任人； -
负责安置点管理（实行“点长负责制”）、生活保障及情绪安抚； - 建立特殊群体“一对一帮扶”台账并落实帮扶责任人。  ### 2.4 现场管控组
**组成**：乡镇派出所民警、综合执法队员、村组干部  **职责**： - 负责设置警戒线、实施临时交通管制、24小时值守，防止群众擅自返回[S1]； -
制定值守交接班制度，确保警戒不间断； - 负责对擅自返回群众的劝阻和处置； - 负责预警信号的发布（铜锣、手摇报警器、广播等）。  ### 2.5 医疗救护组
**组成**：乡镇卫生院医护人员  **职责**： - 负责转移安置过程中的医疗保障和突发伤情的紧急处置； - 负责安置点定期医疗巡诊； - 负责转移群众中慢性病患者的用药保障。
### 2.6 后勤保障组  **组成**：乡镇财政所、民政办工作人员  **职责**： - 负责应急物资的储备、管理和紧急调配； -
负责安置点食品、饮水、御寒物资等生活物资的供应和补给； - 建立物资台账，定期检查更新。   ## 三、险情识别与分级  ### 3.1 滑坡和落石迹象识别要点  | 类别 |
主要迹象 | |------|----------| | **宏观迹象** |
地面出现裂缝、山体出现异常响动、树木倾斜或“醉汉林”现象、坡脚出现隆起或渗水、局部小规模崩塌或落石频发 | | **微观迹象** | 监测桩位移、裂缝持续扩展、地下水异常变化 |
### 3.2 险情分级与响应措施  | 险情等级 | 判定标准 | 响应要求 | |----------|----------|----------| |
**Ⅲ级（蓝色预警）** | 发现地面裂缝等初期迹象，经专家确认为潜在隐患点 | 列入预案点，纳入日常监测[S1]；开展风险告知和预案宣传；发放“避险明白卡” | |
**Ⅱ级（黄色预警）** | 裂缝扩展加快、局部落石增多，经现场复勘确认影响范围 |
**24小时内**完成影响范围确认和受威胁群众核定，立即提前避险转移受威胁群众，安排专人24小时值守[S1] | | **Ⅰ级（红色预警）** |
山体出现异常响动、变形加剧、滑坡前兆明显 | 立即启动应急避险，实施临时交通管制，强制转移全部受威胁人员[S1] |   ## 四、预警信息发布与传播  ### 4.1
预警信号规定  | 险情等级 | 预警信号 | 发布方式 | |----------|----------|----------| | **Ⅲ级（蓝色预警）** |
口头通知/微信群通知 | 村组干部入户告知、微信群发布 | | **Ⅱ级（黄色预警）** | 连续敲锣（慢速）+ 广播通知 | 铜锣、村村通广播、微信群同步发布 | |
**Ⅰ级（红色预警）** | 连续急促敲锣 + 手摇报警器 + 广播 | 铜锣、手摇报警器、广播、电话逐户通知 |  ### 4.2 信息传递机制  1.
**“最后通知人”机制**：每个村民小组明确1名“最后通知人”，负责确认本组每户人家均已收到预警信息，对未能确认的住户立即上门通知。 2.
**极端情况备用手段**：停电、断网等情况下，使用手摇报警器、铜锣、哨子等非电力设备，并安排摩托车或徒步逐户通知。 3.
**信息确认反馈**：各村民小组负责人收到预警后须在15分钟内反馈确认信息，确保预警传达到位。   ## 五、应急避险路线与安置点规划  ### 5.1 避险路线  1.
**预设路线**：
--- 节点: RAG 检索器 ---
--- 节点: 方案提议者 (Proposer) ---
生成的方案:
 根据《洪涝突发险情灾情报告暂行规定》，洪涝突发险情灾情的掌握与报告工作实行分级负责制，具体责任主体如下：  **一、责任主体**
各级防汛抗旱指挥部负责本地区洪涝突发险情灾情的及时掌握与报告工作，并确定专人负责[S1]。这意味着：  1.
**国家层面**：国家防汛抗旱总指挥部负责全国范围内的洪涝突发险情灾情信息汇总与报告管理。 2.
**地方层面**：省、市、县级防汛抗旱指挥部分别负责本行政区域内的洪涝突发险情灾情掌握与报告工作。 3.
**专人负责制**：各级防汛抗旱指挥部必须指定专人负责信息收集、核实与上报，确保责任落实到人[S1]。  **二、报告原则**
报告工作遵循"分级负责、及时快捷、真实全面"的原则[S1]，具体要求如下：  - **分级负责**：各级指挥部按职责权限逐级上报，不得越级或漏报。 -
**及时快捷**：险情灾情发生后，应在第一时间启动报告程序，不得延误。 - **真实全面**：报告内容必须客观准确，不得瞒报、虚报或漏报关键信息。  **三、报告范围**
需报告的突发险情灾情包括[S1]：  1. **突发险情**：水库（水电站）、堤防、涵闸（泵站）等工程突然出现可能危及工程安全的情况；交通、能源、通讯、供水、排水等重要基础设施因洪
涝、台风等灾害导致的突发险情；因山体崩塌、滑坡、泥石流突然形成的堰塞湖险情等。 2.
**突发重大险情**：上述工程出现溃坝、决口、坍塌等失事性险情前兆，重要基础设施发生严重威胁安全运行的险情，堰塞湖严重威胁人员安全时。 3.
**突发灾情**：因江河湖泊洪水泛滥、山洪灾害、台风登陆或影响、堰塞湖形成或溃决、水库垮坝、堤防决口等导致的人员伤亡、人员被困、城镇受淹、基础设施毁坏等情况。
**四、特别说明**
洪涝灾情的常规统计工作不适用本规定，仍按《自然灾害情况统计调查制度》和《特别重大自然灾害损失统计调查制度》执行[S1]。本规定仅适用于突发险情灾情的紧急报告管理。
**五、操作建议**  若您作为相关工作人员，在发现洪涝突发险情后，应立即向所在地区防汛抗旱指挥部报告，由指挥部指定的专人负责信息核实与逐级上报。具体报告时限、格式及流程，建议参照
当地防汛抗旱指挥部发布的实施细则执行（本参考知识未提供具体时限数字，故不臆造）。
--- 节点: 方案评审者 (Critique) ---
生成的评审意见:
 # 灾害应急方案评审委员会审查意见  **审查对象：** 《洪涝突发险情灾情报告责任主体与流程方案（草案）》  **审查结论：**
方案框架基本清晰，内容忠实于上位法规，但存在**关键操作要素缺失、结构失衡、可执行性不足**等突出问题，需重大修改后方可投入实际使用。   ## 一、可行性方面  ### 1.
致命缺陷：报告时限完全空白  方案在“及时快捷”原则下反复强调“第一时间”“不得延误”，却在全文操作建议中明确承认“本参考知识未提供具体时限数字，故不臆造”。这是本方案**最突出的
问题**——时限是应急报告制度的核心要素，缺少时限规定意味着：  - 基层人员无法判断何为“及时”； - 上级机关无法依据时限追责； - “及时快捷”原则沦为空洞口号。
**修改建议：** 立即查阅《国家防汛抗旱应急预案》及各级防汛抗旱指挥部实施细则，补充以下时限要求：（1）发现险情后的首次报告时限；（2）续报的频次要求；（3）紧急情况下（如溃坝前
兆）是否允许越级上报及相应程序。  ### 2. 报告内容与格式要求缺失
方案规定了“报告什么”（范围），却未规定“怎么报告”（格式）和“报告什么内容”（要素）。实际工作中，信息要素的完整性直接影响应急决策质量。  **修改建议：** 增加“报告内容要素
”章节，至少明确以下必备信息：险情灾情发生的时间、地点、类型、影响范围、人员伤亡及被困情况、已采取的应急措施、需要上级支援的事项、报告人及联系方式等。同时附上标准报告表格模板。
### 3. 缺少信息核实的程序性规定
方案仅提及“专人负责信息收集、核实与上报”，但未说明核实的程序与方法——是电话核实？现场核查？多源交叉验证？核实时限是多久？信息有出入时以何为准？  **修改建议：**
增设“信息核实程序”条款，明确一般险情和重大险情的分级核实要求，以及核实过程中的记录与留存规范。   ## 二、全面性方面  ### 4. 缺少报告后的跟踪续报机制
方案只讲了“首次报告”，未涉及后续的续报、终报要求。洪涝险情是动态发展的——水库险情可能从“渗水”发展为“管涌”再到“溃坝”，每一个阶段都需要更新信息。  **修改建议：**
增加“跟踪续报”条款，明确：（1）重大险情灾情应每隔多长时间续报一次；（2）险情发生重大变化时（如恶化或排除）应在多长时间内上报；（3）应急处置结束后的终报要求。  ### 5.
缺少跨部门、跨区域的协调机制
洪涝险情往往涉及应急管理、水利、自然资源、交通、通信等多个部门。方案仅以“防汛抗旱指挥部”为单一责任主体，未说明指挥部内部如何协调各部门信息、如何与毗邻地区共享信息。
**修改建议：** 补充“协调联动机制”章节，明确：（1）各级防指与成员单位（水利、应急、气象、自然资源等）之间的信息通报机制；（2）跨行政区域险情的通报与协作程序；（3）与军队、
武警等救援力量的联络机制。  ### 6. 缺少值班值守规定  突发险情的发现往往依赖于日常的值班监测。方案未涉及汛期值班制度、巡查监测制度等预防性、基础性工作要求。
**修改建议：** 增加“值班与监测”条款，明确汛期24小时值班要求、重点部位巡查频次、值班记录规范等。   ## 三、优先级方面  ### 7. 方案结构未体现分级响应理念
方案虽然区分了“突发险情”和“突发重大险情”，但未针对不同级别设定差异化的报告流程和响应要求。实际操作中，一般险情和可能引发溃坝的重大险情，其报告的紧急程度和路径应有本质区别。
**修改建议：** 设计分级报告流程（建议分为Ⅰ级（特别重大）、Ⅱ级（重大）、Ⅲ级（较大）、Ⅳ级（一般）四级），明确各级别的判定标准、报告时限（如Ⅰ级须在30分钟内电话报告、2小时
内书面报告）和报告路径（是否允许越级上报）。  ### 8. 缺少“边报告、边处置”的并行要求
方案侧重于“报告”，未强调报告与先期处置同步进行的原则。实践中，基层单位往往因忙于报告而延误了第一时间抢险的宝贵时机。  **修改建议：**
在“报告原则”中增加“边处置、边报告”的明确要求，规定发现险情后应在报告的同时立即组织先期应急处置。   ## 四、次生风险方面  ### 9. 未考虑信息瞒报、漏报的防范与追责
方案虽提出“不得瞒报、虚报或漏报”，但未明确相应的监督检查机制和法律责任。若无问责条款，该要求缺乏刚性约束力。  **修改建议：**
增加“监督与责任追究”条款，明确：（1）上级防指对下级报告的核查职责；（2）对瞒报、迟报、漏报行为的处分规定；（3）对因报告不及时导致重大损失的责任追究程序。  ### 10.
未考虑信息发布与舆情应对的风险  在自媒体时代，洪涝险情信息极易引发社会恐慌。方案完全未涉及对外信息发布的口径管理、与宣传部门的协调、舆情监测与应对等内容。  **修改建议：**
增加“信息发布与舆情管理”章节，明确：（1）对外信息发布由谁审批、通过什么渠道发布；（2）如何统一口径，防止多头发声引发混乱；（3）舆情监测与回应机制。   ## 五、资源协调方面
### 11. 缺少报告渠道与通信保障方案  突发洪涝灾害往往伴随通信中断。方案未说明在常规通信手段失效时的备用报告渠道（如卫星电话、无线电、人工传递等）。  **修改建议：**
增加“通信保障”条款，明确：（1）各级防指应配备的备用通信设备；（2）通信中断时的应急联络方案；（3）与通信运营商的协调保障机制。  ### 12. 缺少人员培训和演练要求
再完善的制度，如果执行人员不熟悉、不演练，也难以发挥作用。方案未涉及培训与演练。  **修改建议：** 增加“培训与演练”条款，明确：（1）各级报告责任人每年至少
--- 节点: 决策 ---
决策: 已达到最大迭代次数 (1)。正在生成最终方案。
--- 节点: 最终方案生成器 (Finalizer) ---
--- 节点: 方案提议者 (Proposer) ---
生成的方案:
 # 洪涝突发险情灾情报告责任主体与流程方案（优化版）   ## 一、总则与编制依据  为及时、准确、全面掌握洪涝突发险情、灾情，为防汛抗洪减灾决策提供支撑，最大限度避免或减少人员伤
亡，减轻灾害损失，保障防洪安全，依据《中华人民共和国突发事件应对法》《中华人民共和国防洪法》《中华人民共和国防汛条例》以及国家相关预案和规定，制定本方案[S1]。
本方案适用于各级防汛抗旱指挥部洪涝突发险情灾情的紧急报告管理。洪涝灾情的常规统计工作仍按《自然灾害情况统计调查制度》和《特别重大自然灾害损失统计调查制度》执行[S1]。   ##
二、责任主体与职责分工  ### （一）责任主体  各级防汛抗旱指挥部负责本地区洪涝突发险情灾情的及时掌握与报告工作，并确定专人负责[S1]。  ### （二）分级职责  1.
**国家层面**：国家防汛抗旱总指挥部负责全国范围内洪涝突发险情灾情信息的汇总、协调与报告管理。 2.
**省、市级层面**：省、市级防汛抗旱指挥部分别负责本行政区域内的洪涝突发险情灾情掌握与报告工作，并负责对下级报告的监督、核查与汇总上报。 3.
**县级层面**：县级防汛抗旱指挥部是洪涝突发险情灾情报告的**首要责任主体**，负责本行政区域内险情灾情的**第一时间掌握、核实与上报**，同时承担先期应急处置的组织工作。 4.
**乡镇/街道及基层单位**：乡镇人民政府、街道办事处及水库（水电站）、堤防管理等工程管理单位负有**即时报告义务**，发现险情后应立即向县级防汛抗旱指挥部报告，不得延误。
### （三）专人负责制  各级防汛抗旱指挥部必须确定专人负责信息收集、核实与上报工作，确保责任落实到人[S1]。同时，应建立**AB角互补机制**，确保任何时段均有专人承担报告职
责，防止因人员缺位导致信息迟报、漏报。   ## 三、报告原则  洪涝突发险情灾情报告遵循“分级负责、及时快捷、真实全面”的原则[S1]，并补充以下要求：  -
**分级负责**：各级指挥部按职责权限逐级上报，不得越级或漏报。但遇突发重大险情（如溃坝前兆）且上级无法及时联系时，可越级上报，同时抄报所在层级指挥部。 -
**及时快捷**：险情灾情发生后，应在第一时间启动报告程序，不得延误。 - **真实全面**：报告内容必须客观准确，不得瞒报、虚报或漏报关键信息。 -
**边处置、边报告**：发现险情后，应在报告的同时立即组织先期应急处置，不得因报告程序延误抢险时机。   ## 四、分级标准与差异化报告要求
根据险情灾情的严重程度和影响范围，实行分级报告管理。各级别的判定由县级防汛抗旱指挥部初步认定，报上级指挥部审核确认。  ### Ⅰ级（特别重大）  -
**判定标准**：水库（水电站）出现溃坝、决口险情或堰塞湖严重威胁下游大量人员安全；堤防决口或坍塌导致或可能导致重大人员伤亡；突发灾情导致死亡或失踪30人以上。 -
**报告时限**：发现后**30分钟内**电话报告，**2小时内**书面报告至省级防汛抗旱指挥部，同时可直接报告国家防汛抗旱总指挥部。 -
**续报频次**：每**2小时**续报一次，直至险情排除或应急处置结束。  ### Ⅱ级（重大）  - **判定标准**：水库（水电站）、堤防、涵闸（泵站）等工程出现溃坝、决口、坍
塌等失事性险情前兆；重要基础设施发生严重威胁安全运行的险情；堰塞湖严重威胁人员安全；突发灾情导致死亡或失踪10人以上30人以下。 -
**报告时限**：发现后**1小时内**电话报告，**2小时内**书面报告至省级防汛抗旱指挥部。 - **续报频次**：每**4小时**续报一次，直至险情排除或应急处置结束。
### Ⅲ级（较大）  - **判定标准**：水库（水电站）、堤防、涵闸（泵站）等工程出现可能危及工程安全的情况但尚未达到失事性险情前兆；交通、能源、通讯、供水、排水等重要基础设施
因洪涝、台风等灾害导致突发险情；突发灾情导致死亡或失踪3人以上10人以下。 - **报告时限**：发现后**2小时内**电话报告，**4小时内**书面报告至市级防汛抗旱指挥部。 -
**续报频次**：每**6小时**续报一次，直至险情排除或应急处置结束。  ### Ⅳ级（一般）  -
**判定标准**：突发险情影响范围较小、风险可控；突发灾情导致死亡或失踪3人以下。 -
**报告时限**：发现后**2小时内**电话报告，**6小时内**书面报告至县级防汛抗旱指挥部。 - **续报频次**：每**12小时**续报一次，直至险情排除或应急处置结束。
> **说明**：上述分级判定标准和时限要求系根据应急报告管理通行实践拟定，具体数值以当地防汛抗旱指挥部发布的实施细则为准。   ## 五、报告范围
需报告的突发险情灾情包括[S1]：  ### （一）突发险情  1. 水库（水电站）、堤防、涵闸（泵站）等工程突然出现可能危及工程安全的情况。 2.
交通、能源、通讯、供水、排水等重要基础设施因洪涝、台风等灾害导致的突发险情。 3. 因山体崩塌、滑坡、泥石流突然形成的堰塞湖险情等。  ### （二）突发重大险情
上述工程出现溃坝、决口、坍塌等失事性险情前兆，重要基础设施发生严重威胁安全运行的险情，堰塞湖严重威胁人员安全时。  ### （三）突发灾情
因江河湖泊洪水泛滥、山洪灾害、台风登陆或影响、堰塞湖形成或溃决、水库垮坝、堤防决口等导致的人员伤亡、人员被困、城镇受淹、基础设施毁坏等情况[S1]。   ## 六、报告内容要素
各级报告应包含以下必备信息要素，确保信息完整、准确：  | 序号 | 要素类别 | 具体内容 | |------|----------
{"case_count": 3, "real_llm": true, "out": "artifacts/stage7/after_fix/youan_langgraph_real_smoke.json"}
